Initialized native services in: /Users/sebastianzapata/.gradle/native
Initialized jansi services in: /Users/sebastianzapata/.gradle/native
Found daemon DaemonInfo{pid=4823, address=[2ebca4a5-5509-4af4-af91-b93d4bff69fb port:49364, addresses:[/127.0.0.1]], state=Idle, lastBusy=1785506276262, context=DefaultDaemonContext[uid=3bd168ca-8744-4d60-b763-1ad9d310a674,javaHome=/Users/sebastianzapata/.antigravity-ide/extensions/redhat.java-1.55.0-darwin-arm64/jre/21.0.11-macosx-aarch64,javaVersion=21,javaVendor=Eclipse Adoptium,daemonRegistryDir=/Users/sebastianzapata/.gradle/daemon,pid=4823,idleTimeout=10800000,priority=NORMAL,applyInstrumentationAgent=true,nativeServicesMode=ENABLED,daemonOpts=-XX:MaxMetaspaceSize=384m,-XX:+HeapDumpOnOutOfMemoryError,-Xms256m,-Xmx512m,-Dfile.encoding=UTF-8,-Duser.country=CO,-Duser.language=en,-Duser.variant]} however its context does not match the desired criteria.
JVM is incompatible.
Wanted: DaemonRequestContext{jvmCriteria=/Library/Java/JavaVirtualMachines/jdk-25.jdk/Contents/Home (no Daemon JVM specified, using current Java home), daemonOpts=[-XX:MaxMetaspaceSize=384m, -XX:+HeapDumpOnOutOfMemoryError, -Xms256m, -Xmx512m, -Dfile.encoding=UTF-8, -Duser.country=CO, -Duser.language=en, -Duser.variant], applyInstrumentationAgent=true, nativeServicesMode=ENABLED, priority=NORMAL}
Actual: DefaultDaemonContext[uid=3bd168ca-8744-4d60-b763-1ad9d310a674,javaHome=/Users/sebastianzapata/.antigravity-ide/extensions/redhat.java-1.55.0-darwin-arm64/jre/21.0.11-macosx-aarch64,javaVersion=21,javaVendor=Eclipse Adoptium,daemonRegistryDir=/Users/sebastianzapata/.gradle/daemon,pid=4823,idleTimeout=10800000,priority=NORMAL,applyInstrumentationAgent=true,nativeServicesMode=ENABLED,daemonOpts=-XX:MaxMetaspaceSize=384m,-XX:+HeapDumpOnOutOfMemoryError,-Xms256m,-Xmx512m,-Dfile.encoding=UTF-8,-Duser.country=CO,-Duser.language=en,-Duser.variant]

  Looking for a different daemon...
The client will now receive all logging from the daemon (pid: 6656). The daemon log file: /Users/sebastianzapata/.gradle/daemon/9.5.1/daemon-6656.out.log
Starting 21st build in daemon [uptime: 34 mins 54.805 secs, performance: 100%, GC rate: 0.00/s, heap usage: 4% of 512 MiB, non-heap usage: 22% of 384 MiB]
Using 12 worker leases.
Operational build model parameters: {cachingModelBuilding=false, configurationCache=false, configurationCacheDisabledReason=null, configurationCacheParallelLoad=false, configurationCacheParallelStore=false, configureOnDemand=false, invalidateCoupledProjects=false, isolatedProjects=false, modelAsProjectDependency=false, modelBuilding=false, parallelModelBuilding=false, parallelProjectConfiguration=false, parallelProjectExecution=false, resilientModelBuilding=false}
Now considering [/Users/sebastianzapata/Documents/implementacion20262/cowsvsclown] as hierarchies to watch
Watching the file system is configured to be enabled if available
File system watching is active
Starting Build
Settings evaluated using settings file '/Users/sebastianzapata/Documents/implementacion20262/cowsvsclown/settings.gradle'.
Projects loaded. Root project using build file '/Users/sebastianzapata/Documents/implementacion20262/cowsvsclown/build.gradle'.
Included projects: [root project 'cowsvsclown']

> Configure project :
Evaluating root project 'cowsvsclown' using build file '/Users/sebastianzapata/Documents/implementacion20262/cowsvsclown/build.gradle'.
Resolved plugin [id: 'java']
Resolved plugin [id: 'org.springframework.boot', version: '4.1.0']
Resolved plugin [id: 'io.spring.dependency-management', version: '1.1.7']
Applying dependency management to configuration 'annotationProcessor' in project 'cowsvsclown'
Applying dependency management to configuration 'apiElements' in project 'cowsvsclown'
Applying dependency management to configuration 'archives' in project 'cowsvsclown'
Applying dependency management to configuration 'bootArchives' in project 'cowsvsclown'
Applying dependency management to configuration 'compileClasspath' in project 'cowsvsclown'
Applying dependency management to configuration 'compileOnly' in project 'cowsvsclown'
Applying dependency management to configuration 'default' in project 'cowsvsclown'
Applying dependency management to configuration 'developmentOnly' in project 'cowsvsclown'
Applying dependency management to configuration 'implementation' in project 'cowsvsclown'
Applying dependency management to configuration 'mainSourceElements' in project 'cowsvsclown'
Applying dependency management to configuration 'productionRuntimeClasspath' in project 'cowsvsclown'
Applying dependency management to configuration 'runtimeClasspath' in project 'cowsvsclown'
Applying dependency management to configuration 'runtimeElements' in project 'cowsvsclown'
Applying dependency management to configuration 'runtimeOnly' in project 'cowsvsclown'
Applying dependency management to configuration 'testAndDevelopmentOnly' in project 'cowsvsclown'
Applying dependency management to configuration 'testAnnotationProcessor' in project 'cowsvsclown'
Applying dependency management to configuration 'testCompileClasspath' in project 'cowsvsclown'
Applying dependency management to configuration 'testCompileOnly' in project 'cowsvsclown'
Applying dependency management to configuration 'testImplementation' in project 'cowsvsclown'
Applying dependency management to configuration 'testResultsElementsForTest' in project 'cowsvsclown'
Applying dependency management to configuration 'testRuntimeClasspath' in project 'cowsvsclown'
Applying dependency management to configuration 'testRuntimeOnly' in project 'cowsvsclown'
All projects evaluated.
Task name matched 'test'
Selected primary task 'test' from project :
Starting process 'command '/usr/libexec/java_home''. Working directory: /Users/sebastianzapata/.gradle/daemon/9.5.1 Command: /usr/libexec/java_home -V
Successfully started process 'command '/usr/libexec/java_home''
Resolving global dependency management for project 'cowsvsclown'
Excluding []
Excluding []
Excluding []
Excluding []
Excluding []
Excluding []
Tasks to be executed: [task ':compileJava', task ':processResources', task ':classes', task ':compileTestJava', task ':processTestResources', task ':testClasses', task ':test']
Tasks that were excluded: []
Resolve mutations for :compileJava (Thread[#1324,Execution worker,5,main]) started.
:compileJava (Thread[#1324,Execution worker,5,main]) started.

> Task :compileJava UP-TO-DATE
Custom actions are attached to task ':compileJava'.
Caching disabled for task ':compileJava' because:
  Build cache is disabled
Skipping task ':compileJava' as it is up-to-date.
Resolve mutations for :processResources (Thread[#1324,Execution worker,5,main]) started.
:processResources (Thread[#1324,Execution worker,5,main]) started.

> Task :processResources UP-TO-DATE
Caching disabled for task ':processResources' because:
  Build cache is disabled
  Not worth caching
Skipping task ':processResources' as it is up-to-date.
Resolve mutations for :classes (Thread[#1324,Execution worker,5,main]) started.
:classes (Thread[#1324,Execution worker,5,main]) started.

> Task :classes UP-TO-DATE
Skipping task ':classes' as it has no actions.
Resolve mutations for :compileTestJava (Thread[#1324,Execution worker,5,main]) started.
:compileTestJava (Thread[#1324,Execution worker,5,main]) started.

> Task :compileTestJava UP-TO-DATE
Custom actions are attached to task ':compileTestJava'.
Caching disabled for task ':compileTestJava' because:
  Build cache is disabled
Skipping task ':compileTestJava' as it is up-to-date.
Resolve mutations for :processTestResources (Thread[#1324,Execution worker,5,main]) started.
:processTestResources (Thread[#1324,Execution worker,5,main]) started.

> Task :processTestResources UP-TO-DATE
Caching disabled for task ':processTestResources' because:
  Build cache is disabled
  Not worth caching
Skipping task ':processTestResources' as it is up-to-date.
Resolve mutations for :testClasses (Thread[#1324,Execution worker,5,main]) started.
:testClasses (Thread[#1324,Execution worker,5,main]) started.

> Task :testClasses UP-TO-DATE
Skipping task ':testClasses' as it has no actions.
Resolve mutations for :test (Thread[#1324,Execution worker,5,main]) started.
:test (Thread[#1324,Execution worker,5,main]) started.
Gradle Test Executor 12 started executing tests.
Gradle Test Executor 12 finished executing tests.

> Task :test FAILED
Caching disabled for task ':test' because:
  Build cache is disabled
Task ':test' is not up-to-date because:
  Task has failed previously.
Starting process 'Gradle Test Executor 12'. Working directory: /Users/sebastianzapata/Documents/implementacion20262/cowsvsclown Command: /Library/Java/JavaVirtualMachines/jdk-25.jdk/Contents/Home/bin/java -Dorg.gradle.internal.worker.tmpdir=/Users/sebastianzapata/Documents/implementacion20262/cowsvsclown/build/tmp/test/work @/Users/sebastianzapata/.gradle/.tmp/gradle-worker-classpath10368513524808416843txt -Xmx512m -Dfile.encoding=UTF-8 -Duser.country=CO -Duser.language=en -Duser.variant -ea worker.org.gradle.process.internal.worker.GradleWorkerMain 'Gradle Test Executor 12'
Successfully started process 'Gradle Test Executor 12'

ClownControllerIntegrationTest STANDARD_OUT
    09:28:16.901 [Test worker] INFO org.springframework.test.context.support.AnnotationConfigContextLoaderUtils -- Could not detect default configuration classes for test class [com.sebasmalparqueado.cowsvsclown.clowns.controller.ClownControllerIntegrationTest]: ClownControllerIntegrationTest does not declare any static, non-private, non-final, nested classes annotated with @Configuration.
    09:28:16.959 [Test worker] INFO org.springframework.boot.test.context.SpringBootTestContextBootstrapper -- Found @SpringBootConfiguration com.sebasmalparqueado.cowsvsclown.CowsvsclownApplication for test class com.sebasmalparqueado.cowsvsclown.clowns.controller.ClownControllerIntegrationTest
    09:28:16.960 [Test worker] INFO org.springframework.test.context.support.AnnotationConfigContextLoaderUtils -- Could not detect default configuration classes for test class [com.sebasmalparqueado.cowsvsclown.clowns.controller.ClownControllerIntegrationTest]: ClownControllerIntegrationTest does not declare any static, non-private, non-final, nested classes annotated with @Configuration.
    09:28:16.963 [Test worker] INFO org.springframework.boot.test.context.SpringBootTestContextBootstrapper -- Found @SpringBootConfiguration com.sebasmalparqueado.cowsvsclown.CowsvsclownApplication for test class com.sebasmalparqueado.cowsvsclown.clowns.controller.ClownControllerIntegrationTest

ClownControllerIntegrationTest > GET /api/clowns STANDARD_OUT
    09:28:16.972 [Test worker] INFO org.springframework.test.context.support.AnnotationConfigContextLoaderUtils -- Could not detect default configuration classes for test class [com.sebasmalparqueado.cowsvsclown.clowns.controller.ClownControllerIntegrationTest$GetAllClowns]: GetAllClowns does not declare any static, non-private, non-final, nested classes annotated with @Configuration.
    09:28:16.975 [Test worker] INFO org.springframework.boot.test.context.SpringBootTestContextBootstrapper -- Found @SpringBootConfiguration com.sebasmalparqueado.cowsvsclown.CowsvsclownApplication for test class com.sebasmalparqueado.cowsvsclown.clowns.controller.ClownControllerIntegrationTest$GetAllClowns
    09:28:16.976 [Test worker] INFO org.springframework.test.context.support.AnnotationConfigContextLoaderUtils -- Could not detect default configuration classes for test class [com.sebasmalparqueado.cowsvsclown.clowns.controller.ClownControllerIntegrationTest$GetAllClowns]: GetAllClowns does not declare any static, non-private, non-final, nested classes annotated with @Configuration.
    09:28:16.976 [Test worker] INFO org.springframework.test.context.support.AnnotationConfigContextLoaderUtils -- Could not detect default configuration classes for test class [com.sebasmalparqueado.cowsvsclown.clowns.controller.ClownControllerIntegrationTest]: ClownControllerIntegrationTest does not declare any static, non-private, non-final, nested classes annotated with @Configuration.
    09:28:16.978 [Test worker] INFO org.springframework.boot.test.context.SpringBootTestContextBootstrapper -- Found @SpringBootConfiguration com.sebasmalparqueado.cowsvsclown.CowsvsclownApplication for test class com.sebasmalparqueado.cowsvsclown.clowns.controller.ClownControllerIntegrationTest$GetAllClowns

      .   ____          _            __ _ _
     /\\ / ___'_ __ _ _(_)_ __  __ _ \ \ \ \
    ( ( )\___ | '_ | '_| | '_ \/ _` | \ \ \ \
     \\/  ___)| |_)| | | | | || (_| |  ) ) ) )
      '  |____| .__|_| |_|_| |_\__, | / / / /
     =========|_|==============|___/=/_/_/_/

     :: Spring Boot ::                (v4.1.0)

    2026-07-31T09:28:17.164-05:00  INFO 11593 --- [cowsvsclown] [    Test worker] wnControllerIntegrationTest$GetAllClowns : Starting ClownControllerIntegrationTest.GetAllClowns using Java 25 with PID 11593 (started by sebastianzapata in /Users/sebastianzapata/Documents/implementacion20262/cowsvsclown)
    2026-07-31T09:28:17.165-05:00  INFO 11593 --- [cowsvsclown] [    Test worker] wnControllerIntegrationTest$GetAllClowns : The following 1 profile is active: "test"

ClownControllerIntegrationTest > GET /api/clowns STANDARD_ERROR
    Mockito is currently self-attaching to enable the inline-mock-maker. This will no longer work in future releases of the JDK. Please add Mockito as an agent to your build as described in Mockito's documentation: https://javadoc.io/doc/org.mockito/mockito-core/latest/org.mockito/org/mockito/Mockito.html#0.3
    WARNING: A Java agent has been loaded dynamically (/Users/sebastianzapata/.gradle/caches/modules-2/files-2.1/net.bytebuddy/byte-buddy-agent/1.18.10/9426d28828bdcdf42666bb7a68c468279ea78f59/byte-buddy-agent-1.18.10.jar)
    WARNING: If a serviceability tool is in use, please run with -XX:+EnableDynamicAgentLoading to hide this warning
    WARNING: If a serviceability tool is not in use, please run with -Djdk.instrument.traceUsage for more information
    WARNING: Dynamic loading of agents will be disallowed by default in a future release

ClownControllerIntegrationTest > GET /api/clowns STANDARD_OUT
    2026-07-31T09:28:17.861-05:00  INFO 11593 --- [cowsvsclown] [    Test worker] wnControllerIntegrationTest$GetAllClowns : Started ClownControllerIntegrationTest.GetAllClowns in 0.822 seconds (process running for 1.377)

ClownControllerIntegrationTest > GET /api/clowns/{id} > returns 404 Not Found if missing STANDARD_OUT
    2026-07-31T09:28:17.951-05:00  WARN 11593 --- [cowsvsclown] [    Test worker] c.s.c.c.e.GlobalExceptionHandler         : 404 in /api/clowns/1aea86f3-3ae1-4cc8-a2c5-a3ba6643d309: There is no Clown with id 1aea86f3-3ae1-4cc8-a2c5-a3ba6643d309

ClownControllerIntegrationTest > POST /api/clowns > returns 400 Bad Request if missing fields STANDARD_OUT
    2026-07-31T09:28:18.057-05:00  WARN 11593 --- [cowsvsclown] [    Test worker] c.s.c.c.e.GlobalExceptionHandler         : Validation failed in /api/clowns: {name=name is mandatory; name must be between 2 and 100 characters}

ClownControllerIntegrationTest > PATCH /api/clowns/{id}/cows/{cowId} > returns 200 OK when cow is added STANDARD_OUT

    MockHttpServletRequest:
          HTTP Method = PATCH
          Request URI = /api/clowns/328fb19f-c84a-4f6d-86c1-53b194831d9f/cows/bd55373d-8e83-427c-89c6-cdef41c8e16b
           Parameters = {}
              Headers = [Content-Type:"application/json;charset=UTF-8"]
                 Body = null
        Session Attrs = {}

    Handler:
                 Type = null

    Async:
        Async started = false
         Async result = null

    Resolved Exception:
                 Type = org.springframework.web.HttpRequestMethodNotSupportedException

    ModelAndView:
            View name = null
                 View = null
                Model = null

    FlashMap:
           Attributes = null

    MockHttpServletResponse:
               Status = 405
        Error message = null
              Headers = [Content-Type:"application/json"]
         Content type = application/json
                 Body = {"status":405,"error":"Method Not Allowed","message":"The PATCH method is not allowed on this path. Allowed: [DELETE, POST]","path":"/api/clowns/328fb19f-c84a-4f6d-86c1-53b194831d9f/cows/bd55373d-8e83-427c-89c6-cdef41c8e16b","timestamp":"2026-07-31T09:28:18.072482"}
        Forwarded URL = null
       Redirected URL = null
              Cookies = []

ClownControllerIntegrationTest > PATCH /api/clowns/{id}/cows/{cowId} > returns 200 OK when cow is added FAILED
    java.lang.AssertionError: Status expected:<200> but was:<405>
        at org.springframework.test.util.AssertionErrors.fail(AssertionErrors.java:62)
        at org.springframework.test.util.AssertionErrors.assertEquals(AssertionErrors.java:129)
        at org.springframework.test.web.servlet.result.StatusResultMatchers.lambda$matcher$0(StatusResultMatchers.java:600)
        at org.springframework.test.web.servlet.MockMvc$1.andExpect(MockMvc.java:212)
        at com.sebasmalparqueado.cowsvsclown.clowns.controller.ClownControllerIntegrationTest$AddCowToClown.returnsOk(ClownControllerIntegrationTest.java:191)
Generating HTML test report...
Finished generating test html results (0.003 secs) into: /Users/sebastianzapata/Documents/implementacion20262/cowsvsclown/build/reports/tests/test
Finished generating test XML results (0.0 secs) into: /Users/sebastianzapata/Documents/implementacion20262/cowsvsclown/build/test-results/test
5 actionable tasks: 1 executed, 4 up-to-date
Watched directory hierarchies: [/Users/sebastianzapata/Documents/implementacion20262/cowsvsclown]
